// Jest Snapshot v1, https://goo.gl/fbAQLP

exports[`dependencies should specify proper presets and plugins 1`] = `
Object {
  "plugins": Array [
    Array [
      "<PROJECT_ROOT>/node_modules/@babel/plugin-transform-runtime/lib/index.js",
      Object {
        "absoluteRuntime": "<PROJECT_ROOT>/node_modules/@babel/runtime",
        "corejs": false,
        "helpers": true,
        "regenerator": true,
        "useESModules": true,
      },
    ],
    "<PROJECT_ROOT>/node_modules/@babel/plugin-syntax-dynamic-import/lib/index.js",
  ],
  "presets": Array [
    Array [
      "<PROJECT_ROOT>/node_modules/@babel/preset-env/lib/index.js",
      Object {
        "corejs": 2,
        "exclude": Array [
          "transform-typeof-symbol",
        ],
        "modules": false,
        "useBuiltIns": "usage",
      },
    ],
  ],
  "sourceType": "unambiguous",
}
`;
