// Jest Snapshot v1, https://goo.gl/fbAQLP

exports[`add page data dependency lets you add both a node and connection in one action 1`] = `
Object {
  "connections": Map {
    "MarkdownRemark" => Set {
      "/hi/",
    },
  },
  "nodes": Map {
    "SuperCoolNode" => Set {
      "/hi/",
    },
  },
}
`;
