// Jest Snapshot v1, https://goo.gl/fbAQLP

exports[`gatsby-plugin-sharp base64 converts image to base64 1`] = `
Object {
  "aspectRatio": 1,
  "height": 20,
  "originalName": undefined,
  "src": "data:image/png;base64,iVBORw0KGgoAAAANSUhEUgAAABQAAAAUCAIAAAAC64paAAAACXBIWXMAAAsSAAALEgHS3X78AAABKklEQVQ4y8WUy07DMBBFrwMpr4aybjepUeqIFd/CAgmJsuIHgWXVL+Gx4C3xCdQJnpm0UDJNAQnVuouMM8dzY4+DcoA/C/8Fe9bv4ABMMpQOZc5yFPqfwEUQY499jHoY9/BsKQyTRTNMyzu8WAwTbBnI2DY438XbPr0qFsFCvlrkMTERYFgRL3HYUvh5OMdpQqkbBtPC9NDiINQPCZM6LGVvUzIpwNch4V5EGxHS/DeYtjfHZbcyXB8yGfaPimcafLEMHqmw2L5OsWkUUuY6Ee5V28WUP25TXjwPS3iWUFnfcFQPFna98rlmSGL4IOZucQvgT76Po53qeOTYTtp4qpFKe/qM29PhJsVVl3SXsluntLfS7rPvn10MP1Aau+lKBuA9I/kV/AyW6gNTIWTuA/r8lQAAAABJRU5ErkJggg==",
  "width": 20,
}
`;

exports[`gatsby-plugin-sharp duotone fixed 1`] = `
Object {
  "aspectRatio": 1,
  "base64": "data:image/png;base64,iVBORw0KGgoAAAANSUhEUgAAABQAAAAUCAYAAAH6ji2bAAAACXBIWXMAAAPoAAAD6AG1e1JrAAABk0lEQVQ4y7VUy07DMBDsf9IDhcauaVM4IajUIuALOFRI/R24wB8AgkpInJKI9ME5zDi24rx5HjZKvOP17Hg2neh8nNjo8CGESGL7sbpwMvrlaepriF4J3dQLMlsXvzbVFCKHLJ3J8+5PRxqlF0OzleFLkSG7Xrp4faiyRaI/Lgs13QhNVB5uCUyUTDyUloidvkjezvyMEB8B4uZkqAHCiR44bYtCcecSirD5XQDmIGzVjOrEiJo4fhvY2jWTG3C6g/TLmZ+8VwEJekWy20+loUSzA5kDp15BKJmXhmD6Iqcjtep5eSArk0ZQPPpqPNAaWiBpbKt0pLgEU2xuIOewTh7rmFWFRH9/M78uaG8yNuox4oYbbrQEhaI4HKEh7mvfS2OE98WR0r6P26zj2ofW5rWowlzY2WduAQxZ14odmNZuMWA0h6wo5pplDxj+MrgnqDM3W32E/QYNxaxN2f7ztNx6qWUCOC3H+F/Y35EU2XCw3QkGhBrHX/WXLbwG4wewoAwMst84t/0jH4ZG36DFLv9m7E/1HjvIa/canAAAAABJRU5ErkJggg==",
  "height": 100,
  "originalName": undefined,
  "src": "/static/1234/a2779/test.png",
  "srcSet": "/static/1234/a2779/test.png 1x",
  "tracedSVG": undefined,
  "width": 100,
}
`;

exports[`gatsby-plugin-sharp duotone fluid 1`] = `
Object {
  "aspectRatio": 1,
  "base64": "data:image/png;base64,iVBORw0KGgoAAAANSUhEUgAAABQAAAAUCAYAAAH6ji2bAAAACXBIWXMAAAPoAAAD6AG1e1JrAAABk0lEQVQ4y7VUy07DMBDsf9IDhcauaVM4IajUIuALOFRI/R24wB8AgkpInJKI9ME5zDi24rx5HjZKvOP17Hg2neh8nNjo8CGESGL7sbpwMvrlaepriF4J3dQLMlsXvzbVFCKHLJ3J8+5PRxqlF0OzleFLkSG7Xrp4faiyRaI/Lgs13QhNVB5uCUyUTDyUloidvkjezvyMEB8B4uZkqAHCiR44bYtCcecSirD5XQDmIGzVjOrEiJo4fhvY2jWTG3C6g/TLmZ+8VwEJekWy20+loUSzA5kDp15BKJmXhmD6Iqcjtep5eSArk0ZQPPpqPNAaWiBpbKt0pLgEU2xuIOewTh7rmFWFRH9/M78uaG8yNuox4oYbbrQEhaI4HKEh7mvfS2OE98WR0r6P26zj2ofW5rWowlzY2WduAQxZ14odmNZuMWA0h6wo5pplDxj+MrgnqDM3W32E/QYNxaxN2f7ztNx6qWUCOC3H+F/Y35EU2XCw3QkGhBrHX/WXLbwG4wewoAwMst84t/0jH4ZG36DFLv9m7E/1HjvIa/canAAAAABJRU5ErkJggg==",
  "density": 72,
  "originalImg": "/static/1234/a2779/test.png",
  "originalName": undefined,
  "presentationHeight": 100,
  "presentationWidth": 100,
  "sizes": "(max-width: 100px) 100vw, 100px",
  "src": "/static/1234/a2779/test.png",
  "srcSet": "/static/1234/2d2c2/test.png 25w,
/static/1234/84325/test.png 50w,
/static/1234/a2779/test.png 100w",
  "srcSetType": "image/png",
  "tracedSVG": undefined,
}
`;

exports[`gatsby-plugin-sharp fluid includes responsive image properties, e.g. sizes, srcset, etc. 1`] = `
Object {
  "aspectRatio": 1,
  "base64": "data:image/png;base64,iVBORw0KGgoAAAANSUhEUgAAABQAAAAUCAIAAAAC64paAAAACXBIWXMAAAsSAAALEgHS3X78AAABKklEQVQ4y8WUy07DMBBFrwMpr4aybjepUeqIFd/CAgmJsuIHgWXVL+Gx4C3xCdQJnpm0UDJNAQnVuouMM8dzY4+DcoA/C/8Fe9bv4ABMMpQOZc5yFPqfwEUQY499jHoY9/BsKQyTRTNMyzu8WAwTbBnI2DY438XbPr0qFsFCvlrkMTERYFgRL3HYUvh5OMdpQqkbBtPC9NDiINQPCZM6LGVvUzIpwNch4V5EGxHS/DeYtjfHZbcyXB8yGfaPimcafLEMHqmw2L5OsWkUUuY6Ee5V28WUP25TXjwPS3iWUFnfcFQPFna98rlmSGL4IOZucQvgT76Po53qeOTYTtp4qpFKe/qM29PhJsVVl3SXsluntLfS7rPvn10MP1Aau+lKBuA9I/kV/AyW6gNTIWTuA/r8lQAAAABJRU5ErkJggg==",
  "density": 72,
  "originalImg": "/static/1234/c616f/test.png",
  "originalName": undefined,
  "presentationHeight": 100,
  "presentationWidth": 100,
  "sizes": "(max-width: 100px) 100vw, 100px",
  "src": "/static/1234/c616f/test.png",
  "srcSet": "/static/1234/c616f/test.png 100w",
  "srcSetType": "image/png",
  "tracedSVG": undefined,
}
`;

exports[`gatsby-plugin-sharp image quirks handles padding bytes correctly 1`] = `
Object {
  "hUnits": "px",
  "height": 1000,
  "mime": "image/jpeg",
  "type": "jpg",
  "wUnits": "px",
  "width": 746,
}
`;

exports[`gatsby-plugin-sharp stats determines if the image is transparent, based on the presence and use of alpha channel 1`] = `
Object {
  "isTransparent": false,
}
`;

exports[`gatsby-plugin-sharp stats determines if the image is transparent, based on the presence and use of alpha channel 2`] = `
Object {
  "isTransparent": true,
}
`;

exports[`gatsby-plugin-sharp tracedSVG runs on demand 1`] = `
Object {
  "aspectRatio": 1,
  "base64": undefined,
  "height": 100,
  "originalName": undefined,
  "src": "/static/1234/c616f/test.png",
  "srcSet": "/static/1234/c616f/test.png 1x",
  "tracedSVG": "data:image/svg+xml,%3csvg%20xmlns='http://www.w3.org/2000/svg'%20width='100'%20height='100'%3e%3cpath%20d='M41%2024c-18%207-24%2029-11%2043%2015%2017%2044%208%2046-15%201-19-17-34-35-28'%20fill='red'%20fill-rule='evenodd'/%3e%3c/svg%3e",
  "width": 100,
}
`;

exports[`gatsby-plugin-sharp tracedSVG runs on demand 2`] = `
Object {
  "aspectRatio": 1,
  "base64": undefined,
  "density": 72,
  "originalImg": "/static/1234/c616f/test.png",
  "originalName": undefined,
  "presentationHeight": 100,
  "presentationWidth": 100,
  "sizes": "(max-width: 100px) 100vw, 100px",
  "src": "/static/1234/c616f/test.png",
  "srcSet": "/static/1234/db86b/test.png 25w,
/static/1234/356f1/test.png 50w,
/static/1234/c616f/test.png 100w",
  "srcSetType": "image/png",
  "tracedSVG": "data:image/svg+xml,%3csvg%20xmlns='http://www.w3.org/2000/svg'%20width='100'%20height='100'%3e%3cpath%20d='M41%2024c-18%207-24%2029-11%2043%2015%2017%2044%208%2046-15%201-19-17-34-35-28'%20fill='red'%20fill-rule='evenodd'/%3e%3c/svg%3e",
}
`;
