// Jest Snapshot v1, https://goo.gl/fbAQLP

exports[`processFile should offload sharp transforms to the cloud 1`] = `
Array [
  Promise {},
]
`;
