exports[`Home renders correctly 1`] = `
<div
  className="home_3hmsj">
  Your Component Here :)
</div>
`;
