// Jest Snapshot v1, https://goo.gl/fbAQLP

exports[`redux db should write cache to disk 1`] = `
Object {
  "componentDataDependencies": Object {
    "connections": Map {},
    "nodes": Map {},
  },
  "components": Map {
    "/Users/username/dev/site/src/templates/my-sweet-new-page.js" => Object {
      "componentPath": "/Users/username/dev/site/src/templates/my-sweet-new-page.js",
      "isInBootstrap": true,
      "pages": Set {
        "/my-sweet-new-page/",
      },
      "query": "",
    },
  },
  "pageDataStats": Map {},
  "staticQueryComponents": Map {},
  "status": Object {
    "plugins": Object {},
  },
  "webpackCompilationHash": "",
}
`;
