// Jest Snapshot v1, https://goo.gl/fbAQLP

exports[`webpack utils dependencies returns default values without any options 1`] = `
Object {
  "exclude": [Function],
  "test": /\\\\\\.\\(js\\|mjs\\)\\$/,
  "type": "javascript/auto",
  "use": Array [
    Object {
      "loader": "<PROJECT_ROOT>/node_modules/babel-loader/lib/index.js",
      "options": Object {
        "babelrc": false,
        "cacheIdentifier": "develop---gatsby-dependencies@1.0.0",
        "compact": false,
        "configFile": false,
        "presets": Array [
          "<PROJECT_ROOT>/packages/babel-preset-gatsby/dependencies.js",
        ],
        "sourceMaps": false,
      },
    },
  ],
}
`;

exports[`webpack utils js returns default values without any options 1`] = `
Object {
  "include": [Function],
  "test": /\\\\\\.\\(js\\|mjs\\|jsx\\)\\$/,
  "type": "javascript/auto",
  "use": Array [
    Object {
      "loader": "<PROJECT_ROOT>/packages/gatsby/src/utils/babel-loader.js",
      "options": Object {
        "compact": false,
        "configFile": true,
        "stage": "develop",
      },
    },
  ],
}
`;
